2026-10-06 23:02:12,577 INFO Requesting https://books.toscrape.com/
2026-10-06 23:02:17,959 INFO Requesting https://books.toscrape.com/catalogue/page-2.html
2026-10-06 23:02:19,302 INFO Requesting https://books.toscrape.com/catalogue/page-3.html
2026-10-06 23:02:20,613 INFO Requesting https://books.toscrape.com/catalogue/page-4.html
2026-10-06 23:02:21,908 INFO Requesting https://books.toscrape.com/catalogue/page-5.html
2026-10-06 23:02:23,487 INFO Requesting https://books.toscrape.com/catalogue/page-6.html
2026-10-06 23:02:25,255 INFO Requesting https://books.toscrape.com/catalogue/page-7.html
2026-10-06 23:02:26,901 INFO Requesting https://books.toscrape.com/catalogue/page-8.html
2026-10-06 23:02:28,190 INFO Requesting https://books.toscrape.com/catalogue/page-9.html
2026-10-06 23:02:29,749 INFO Requesting https://books.toscrape.com/catalogue/page-10.html
2026-10-06 23:02:31,205 INFO Requesting https://books.toscrape.com/catalogue/page-11.html
2026-10-06 23:02:32,256 INFO Requesting https://books.toscrape.com/catalogue/page-12.html
2026-10-06 23:02:33,298 INFO Requesting https://books.toscrape.com/catalogue/page-13.html
2026-10-06 23:02:34,348 INFO Requesting https://books.toscrape.com/catalogue/page-14.html
2026-10-06 23:02:35,388 INFO Requesting https://books.toscrape.com/catalogue/page-15.html
2026-10-06 23:02:36,432 INFO Requesting https://books.toscrape.com/catalogue/page-16.html
2026-10-06 23:02:37,474 INFO Requesting https://books.toscrape.com/catalogue/page-17.html
2026-10-06 23:02:38,525 INFO Requesting https://books.toscrape.com/catalogue/page-18.html
2026-10-06 23:02:39,566 INFO Requesting https://books.toscrape.com/catalogue/page-19.html
2026-10-06 23:02:40,604 INFO Requesting https://books.toscrape.com/catalogue/page-20.html
2026-10-06 23:02:41,643 INFO Requesting https://books.toscrape.com/catalogue/page-21.html
2026-10-06 23:02:42,686 INFO Requesting https://books.toscrape.com/catalogue/page-22.html
2026-10-06 23:02:43,728 INFO Requesting https://books.toscrape.com/catalogue/page-23.html
2026-10-06 23:02:44,772 INFO Requesting https://books.toscrape.com/catalogue/page-24.html
2026-10-06 23:02:46,080 INFO Requesting https://books.toscrape.com/catalogue/page-25.html
2026-10-06 23:02:47,466 INFO Requesting https://books.toscrape.com/catalogue/page-26.html
2026-10-06 23:02:48,910 INFO Requesting https://books.toscrape.com/catalogue/page-27.html
2026-10-06 23:02:54,553 INFO Requesting https://books.toscrape.com/catalogue/page-28.html
2026-10-06 23:02:56,275 INFO Requesting https://books.toscrape.com/catalogue/page-29.html
2026-10-06 23:02:57,907 INFO Requesting https://books.toscrape.com/catalogue/page-30.html
2026-10-06 23:02:59,488 INFO Requesting https://books.toscrape.com/catalogue/page-31.html
2026-10-06 23:03:00,837 INFO Requesting https://books.toscrape.com/catalogue/page-32.html
2026-10-06 23:03:02,208 INFO Requesting https://books.toscrape.com/catalogue/page-33.html
2026-10-06 23:03:03,282 INFO Requesting https://books.toscrape.com/catalogue/page-34.html
2026-10-06 23:03:04,387 INFO Requesting https://books.toscrape.com/catalogue/page-35.html
2026-10-06 23:03:05,612 INFO Requesting https://books.toscrape.com/catalogue/page-36.html
2026-10-06 23:03:06,752 INFO Requesting https://books.toscrape.com/catalogue/page-37.html
2026-10-06 23:03:08,572 INFO Requesting https://books.toscrape.com/catalogue/page-38.html
2026-10-06 23:03:10,663 INFO Requesting https://books.toscrape.com/catalogue/page-39.html
2026-10-06 23:03:16,200 INFO Requesting https://books.toscrape.com/catalogue/page-40.html
2026-10-06 23:03:17,241 INFO Requesting https://books.toscrape.com/catalogue/page-41.html
2026-10-06 23:03:18,305 INFO Requesting https://books.toscrape.com/catalogue/page-42.html
2026-10-06 23:03:19,403 INFO Requesting https://books.toscrape.com/catalogue/page-43.html
2026-10-06 23:03:20,477 INFO Requesting https://books.toscrape.com/catalogue/page-44.html
2026-10-06 23:03:21,543 INFO Requesting https://books.toscrape.com/catalogue/page-45.html
2026-10-06 23:03:22,589 INFO Requesting https://books.toscrape.com/catalogue/page-46.html
2026-10-06 23:03:23,739 INFO Requesting https://books.toscrape.com/catalogue/page-47.html
2026-10-06 23:03:24,870 INFO Requesting https://books.toscrape.com/catalogue/page-48.html
2026-10-06 23:03:25,959 INFO Requesting https://books.toscrape.com/catalogue/page-49.html
2026-10-06 23:03:27,011 INFO Requesting https://books.toscrape.com/catalogue/page-50.html
2026-10-06 23:03:28,728 INFO Requesting https://quotes.toscrape.com/
2026-10-06 23:03:31,971 INFO Requesting https://quotes.toscrape.com/page/2/
2026-10-06 23:03:33,137 INFO Requesting https://quotes.toscrape.com/page/3/
2026-10-06 23:03:33,912 INFO Requesting https://quotes.toscrape.com/page/4/
2026-10-06 23:03:34,686 INFO Requesting https://quotes.toscrape.com/page/5/
2026-10-06 23:03:35,454 INFO Requesting https://quotes.toscrape.com/page/6/
2026-10-06 23:03:36,634 INFO Requesting https://quotes.toscrape.com/page/7/
2026-10-06 23:03:37,394 INFO Requesting https://quotes.toscrape.com/page/8/
2026-10-06 23:03:38,168 INFO Requesting https://quotes.toscrape.com/page/9/
2026-10-06 23:03:38,932 INFO Requesting https://quotes.toscrape.com/page/10/
2026-10-06 23:03:39,747 INFO Wrote 1099 final records
